    MainWindow
ui_main_title Entry Window
ui_main_menu_project &Project
ui_main_menu_project_new &New...
ui_main_menu_project_open &Open...
ui_main_menu_project_save &Save
ui_main_menu_project_saveAs Save &As...
ui_main_menu_project_export &Export
ui_main_menu_project_export_labelPlus &LabelPlus...
ui_main_menu_project_close &Close
ui_main_menu_project_showTutorial Show &Tutorial
ui_main_menu_project_exit E&xit
ui_main_menu_languages &Languages
ui_main_menu_help &Help
ui_main_menu_help_about &About...
ui_main_menu_help_aboutQt About &Qt...
ui_main_menu_help_feedback &Feedback...
    Main window widgets
ui_main_textTable_header Translation
    Dialogs
ui_dialog_common_title LabelQ
ui_dialog_common_filterDesc_projectFile LabelQ Project
ui_dialog_common_filterDesc_imageFile Images
ui_dialog_about_title About
ui_dialog_about_content <br/>LabelQ %1<br/><br/>Copyright © %2 - %3 GeminiLab<br/>This software is open-source under <a href="https://github.com/GeminiLab/LabelQ/blob/dev/LICENSE">MIT LICENSE</a>.<br/><br/><a href="https://github.com/GeminiLab">GeminiLab on GitHub</a><br/><a href="https://github.com/GeminiLab/LabelQ">LabelQ on GitHub</a>
ui_dialog_saveChanges_title Saving Changes
ui_dialog_saveChanges_content There are unsaved changes, would you like to save them?
    Alarms
ui_alarm_imagesAndProjectMustBeInTheSameDir Project file and all its image files must be in the same directory.
